ANY / public ext
DELETE /api/v1/apikeys/{id} admin -
DELETE /api/v1/audioserver/devices/{family} admin -
DELETE /api/v1/blocklist/{id} staff -
DELETE /api/v1/books/{id} staff -
DELETE /api/v1/books/{id}/audio-versions/{vid} staff -
DELETE /api/v1/books/{id}/audio-versions/{vid}/file staff -
DELETE /api/v1/books/{id}/file staff -
DELETE /api/v1/convert/requests staff -
DELETE /api/v1/downloadclients/{id} staff -
DELETE /api/v1/indexers/{id} staff -
DELETE /api/v1/insights/import/runs/{id}/rows admin -
DELETE /api/v1/me/audio/devices/{family} user ext
DELETE /api/v1/me/audio/items/{key}/bookmarks/{time} user ext
DELETE /api/v1/me/audio/password user ext
DELETE /api/v1/me/plex/link user ext
DELETE /api/v1/me/sessions/{id} user ext
DELETE /api/v1/movies/{id} staff -
DELETE /api/v1/movies/{id}/blocklist/{bid} staff -
DELETE /api/v1/movies/{id}/file staff -
DELETE /api/v1/movies/{id}/versions/{vid} staff -
DELETE /api/v1/movies/{id}/versions/{vid}/file staff -
DELETE /api/v1/music/artists/{id} staff -
DELETE /api/v1/notifications/{id} admin -
DELETE /api/v1/quality/profiles/{id} staff -
DELETE /api/v1/queue/{hash} staff -
DELETE /api/v1/requests/{id} requester ext
DELETE /api/v1/requests/{id}/subscription requester ext
DELETE /api/v1/series/{id} staff -
DELETE /api/v1/series/{id}/aliases/{alias} staff -
DELETE /api/v1/series/{id}/blocklist/{bid} staff -
DELETE /api/v1/series/{id}/duplicates staff -
DELETE /api/v1/series/{id}/numbering/pending staff -
DELETE /api/v1/series/{id}/scene-map/{season} staff -
DELETE /api/v1/series/{id}/seasons/{season}/episodes/{episode}/file staff -
DELETE /api/v1/system/backups/restore-pending admin -
DELETE /api/v1/system/backups/{name} admin -
DELETE /api/v1/users/plex-blocks/{plexID} admin -
DELETE /api/v1/users/{id} admin -
GET /api/health public ext
GET /api/v1/apikeys admin -
GET /api/v1/attention staff -
GET /api/v1/audioserver admin -
GET /api/v1/audioserver/listening admin -
GET /api/v1/auth/me user ext
GET /api/v1/auth/plex/pin/{id} public ext
GET /api/v1/blocklist staff -
GET /api/v1/books staff -
GET /api/v1/books/authors/images staff -
GET /api/v1/books/discover/authors user ext
GET /api/v1/books/discover/authors/{key} user ext
GET /api/v1/books/discover/authors/{key}/works user ext
GET /api/v1/books/discover/browse/{kind} user ext
GET /api/v1/books/discover/detail user ext
GET /api/v1/books/discover/recommended user ext
GET /api/v1/books/discover/search user ext
GET /api/v1/books/discover/similar user ext
GET /api/v1/books/discover/subjects/{name} user ext
GET /api/v1/books/discover/trending user ext
GET /api/v1/books/lookup staff -
GET /api/v1/books/search-missing staff -
GET /api/v1/books/upgrade staff -
GET /api/v1/books/{id} staff -
GET /api/v1/books/{id}/audiobook user ext
GET /api/v1/books/{id}/cover-image user ext
GET /api/v1/books/{id}/covers staff -
GET /api/v1/books/{id}/ebook user ext
GET /api/v1/books/{id}/edition-files staff -
GET /api/v1/books/{id}/history staff -
GET /api/v1/books/{id}/manualimport staff -
GET /api/v1/books/{id}/releases staff -
GET /api/v1/books/{id}/series staff -
GET /api/v1/calendar user -
GET /api/v1/convert/blocklist staff -
GET /api/v1/convert/compare staff -
GET /api/v1/convert/compare/files/{name} staff -
GET /api/v1/convert/hardware staff -
GET /api/v1/convert/history staff -
GET /api/v1/convert/history/{id} staff -
GET /api/v1/convert/jobs staff -
GET /api/v1/convert/library staff -
GET /api/v1/convert/logs staff -
GET /api/v1/convert/reindex staff -
GET /api/v1/convert/settings staff -
GET /api/v1/convert/skips staff -
GET /api/v1/convert/stats staff -
GET /api/v1/convert/status staff -
GET /api/v1/dashboard staff -
GET /api/v1/discover user ext
GET /api/v1/discover/because user ext
GET /api/v1/discover/browse user ext
GET /api/v1/discover/collection/{id} user ext
GET /api/v1/discover/collections user ext
GET /api/v1/discover/genres user ext
GET /api/v1/discover/person/{id} user ext
GET /api/v1/discover/popular user ext
GET /api/v1/discover/provider user ext
GET /api/v1/discover/providers user ext
GET /api/v1/discover/recently-added user ext
GET /api/v1/discover/recommended user ext
GET /api/v1/discover/rows/{kind} user ext
GET /api/v1/discover/search user ext
GET /api/v1/discover/trending user ext
GET /api/v1/discover/upcoming user ext
GET /api/v1/downloadclients staff -
GET /api/v1/downloadclients/{id}/settings staff -
GET /api/v1/downloadclients/{id}/status staff -
GET /api/v1/downloads staff -
GET /api/v1/downloads/disk-guard staff -
GET /api/v1/files/info staff -
GET /api/v1/flaresolverr/status staff -
GET /api/v1/health/system staff -
GET /api/v1/history staff -
GET /api/v1/indexers staff -
GET /api/v1/indexers/prowlarr staff -
GET /api/v1/insights/activity staff -
GET /api/v1/insights/graphs staff -
GET /api/v1/insights/history staff -
GET /api/v1/insights/image staff -
GET /api/v1/insights/import/overlaps admin -
GET /api/v1/insights/import/runs admin -
GET /api/v1/insights/import/tautulli admin -
GET /api/v1/insights/libraries staff -
GET /api/v1/insights/plex staff -
GET /api/v1/insights/plex/auth/{id} staff -
GET /api/v1/insights/plex/scan staff -
GET /api/v1/insights/recently-added staff -
GET /api/v1/insights/reliability staff -
GET /api/v1/insights/stats staff -
GET /api/v1/insights/users staff -
GET /api/v1/jobs staff -
GET /api/v1/jobs/{id} staff -
GET /api/v1/library/fit staff -
GET /api/v1/library/fit/profiles staff -
GET /api/v1/logs admin -
GET /api/v1/me/account user ext
GET /api/v1/me/apprise user ext
GET /api/v1/me/audio user ext
GET /api/v1/me/audio/history user ext
GET /api/v1/me/audio/items/{key} user ext
GET /api/v1/me/audio/items/{key}/bookmarks user ext
GET /api/v1/me/audio/items/{key}/cover user ext
GET /api/v1/me/audio/items/{key}/file/{ino} user ext
GET /api/v1/me/audio/library user ext
GET /api/v1/me/audio/listening user ext
GET /api/v1/me/audio/shelves user ext
GET /api/v1/me/books user ext
GET /api/v1/me/notifications user ext
GET /api/v1/me/notify-prefs user ext
GET /api/v1/me/plex user ext
GET /api/v1/me/plex/link/{id} user ext
GET /api/v1/me/push/key user ext
GET /api/v1/me/quota user ext
GET /api/v1/me/sessions user ext
GET /api/v1/media/series/{id}/seasons user ext
GET /api/v1/media/{media}/{id} user ext
GET /api/v1/movies staff -
GET /api/v1/movies/downloads staff -
GET /api/v1/movies/lookup staff -
GET /api/v1/movies/search-queue staff -
GET /api/v1/movies/unmatched staff -
GET /api/v1/movies/wanted staff -
GET /api/v1/movies/{id} staff -
GET /api/v1/movies/{id}/blocklist staff -
GET /api/v1/movies/{id}/collection staff -
GET /api/v1/movies/{id}/delete-preview staff -
GET /api/v1/movies/{id}/history staff -
GET /api/v1/movies/{id}/manualimport staff -
GET /api/v1/movies/{id}/releases staff -
GET /api/v1/movies/{id}/rename staff -
GET /api/v1/movies/{id}/versions staff -
GET /api/v1/movies/{id}/watch-stats staff -
GET /api/v1/music/albums/{id} staff -
GET /api/v1/music/artists staff -
GET /api/v1/music/artists/{id} staff -
GET /api/v1/music/artists/{id}/history staff -
GET /api/v1/music/lookup staff -
GET /api/v1/notifications staff -
GET /api/v1/notifications/catalog staff -
GET /api/v1/notifications/{id}/deliveries staff -
GET /api/v1/parse staff -
GET /api/v1/plex/link user ext
GET /api/v1/quality/preview staff -
GET /api/v1/quality/profiles staff -
GET /api/v1/quality/profiles/{ref} staff -
GET /api/v1/queue staff -
GET /api/v1/recycle staff -
GET /api/v1/recycle/items staff -
GET /api/v1/recycle/mode staff -
GET /api/v1/requests user ext
GET /api/v1/requests/{id} user ext
GET /api/v1/reviews staff -
GET /api/v1/reviews/{id}/files staff -
GET /api/v1/reviews/{id}/targets staff -
GET /api/v1/searches staff -
GET /api/v1/series staff -
GET /api/v1/series/lookup staff -
GET /api/v1/series/unmatched staff -
GET /api/v1/series/{id} staff -
GET /api/v1/series/{id}/aliases staff -
GET /api/v1/series/{id}/blocklist staff -
GET /api/v1/series/{id}/delete-preview staff -
GET /api/v1/series/{id}/downloads staff -
GET /api/v1/series/{id}/duplicates staff -
GET /api/v1/series/{id}/history staff -
GET /api/v1/series/{id}/manualimport staff -
GET /api/v1/series/{id}/numbering staff -
GET /api/v1/series/{id}/releases staff -
GET /api/v1/series/{id}/rename staff -
GET /api/v1/series/{id}/scene-map staff -
GET /api/v1/series/{id}/watch-stats staff -
GET /api/v1/settings staff -
GET /api/v1/setup admin -
GET /api/v1/status public ext
GET /api/v1/subtitles/coverage staff -
GET /api/v1/subtitles/jobs staff -
GET /api/v1/subtitles/library staff -
GET /api/v1/subtitles/logs staff -
GET /api/v1/subtitles/models staff -
GET /api/v1/subtitles/movies staff -
GET /api/v1/subtitles/series staff -
GET /api/v1/subtitles/settings staff -
GET /api/v1/system/backups admin -
GET /api/v1/system/backups/{name}/download admin -
GET /api/v1/system/browse admin -
GET /api/v1/system/library staff -
GET /api/v1/system/library/check admin -
GET /api/v1/system/pending-restart staff -
GET /api/v1/system/tasks staff -
GET /api/v1/users admin -
GET /api/v1/users/plex-blocks admin -
GET /api/v1/users/{id}/impact admin -
GET /api/v1/users/{id}/plex/merge admin -
GET /api/v1/wanted staff -
GET /api/v1/ws user -
POST /api/v1/apikeys/{id}/test admin -
POST /api/v1/audioserver/import admin -
POST /api/v1/audioserver/import/apply admin -
POST /api/v1/auth/login public ext
POST /api/v1/auth/logout public ext
POST /api/v1/auth/plex/pin public ext
POST /api/v1/auth/setup public ext
POST /api/v1/books staff -
POST /api/v1/books/author staff -
POST /api/v1/books/scan staff -
POST /api/v1/books/search-missing staff -
POST /api/v1/books/series-backfill staff -
POST /api/v1/books/upgrade staff -
POST /api/v1/books/{id}/audio-versions staff -
POST /api/v1/books/{id}/audio-versions/{vid}/search staff -
POST /api/v1/books/{id}/cover staff -
POST /api/v1/books/{id}/grab staff -
POST /api/v1/books/{id}/grabtorrent staff -
POST /api/v1/books/{id}/manualimport staff -
POST /api/v1/books/{id}/merge-audiobook staff -
POST /api/v1/books/{id}/refresh staff -
POST /api/v1/books/{id}/rematch staff -
POST /api/v1/books/{id}/rename staff -
POST /api/v1/books/{id}/search staff -
POST /api/v1/books/{id}/series/add-missing staff -
POST /api/v1/convert/blocklist/clear staff -
POST /api/v1/convert/compare staff -
POST /api/v1/convert/jobs/{id}/cancel staff -
POST /api/v1/convert/reindex staff -
POST /api/v1/convert/requests staff -
POST /api/v1/convert/series/{series} staff -
POST /api/v1/convert/skips/clear staff -
POST /api/v1/downloadclients staff -
POST /api/v1/downloadclients/restore-bundled staff -
POST /api/v1/downloadclients/{id}/test staff -
POST /api/v1/grab staff -
POST /api/v1/grab/preview staff -
POST /api/v1/indexers staff -
POST /api/v1/indexers/prowlarr/sync staff -
POST /api/v1/indexers/test staff -
POST /api/v1/indexers/{id}/test staff -
POST /api/v1/insights/import/overlaps/remove admin -
POST /api/v1/insights/import/runs/{id}/retry admin -
POST /api/v1/insights/import/tautulli admin -
POST /api/v1/insights/plex/auth staff -
POST /api/v1/insights/plex/scan/test staff -
POST /api/v1/insights/plex/test staff -
POST /api/v1/jobs/{id}/cancel staff -
POST /api/v1/library/fit/preview staff -
POST /api/v1/me/audio/accept user ext
POST /api/v1/me/audio/dismiss user ext
POST /api/v1/me/audio/items/{key}/bookmarks user ext
POST /api/v1/me/audio/items/{key}/play user ext
POST /api/v1/me/audio/restore user ext
POST /api/v1/me/audio/sessions/{sid}/close user ext
POST /api/v1/me/audio/sessions/{sid}/sync user ext
POST /api/v1/me/audio/undiscard user ext
POST /api/v1/me/notifications/read-all user ext
POST /api/v1/me/notifications/{id}/read user ext
POST /api/v1/me/password user ext
POST /api/v1/me/plex/link user ext
POST /api/v1/me/push/status user ext
POST /api/v1/me/push/subscribe user ext
POST /api/v1/me/push/unsubscribe user ext
POST /api/v1/me/sessions/revoke-others user ext
POST /api/v1/movies staff -
POST /api/v1/movies/import staff -
POST /api/v1/movies/scan staff -
POST /api/v1/movies/search staff -
POST /api/v1/movies/{id}/blocklist staff -
POST /api/v1/movies/{id}/file/forget staff -
POST /api/v1/movies/{id}/grabtorrent staff -
POST /api/v1/movies/{id}/manualimport staff -
POST /api/v1/movies/{id}/refresh staff -
POST /api/v1/movies/{id}/regrab staff -
POST /api/v1/movies/{id}/rename staff -
POST /api/v1/movies/{id}/resume-upgrades staff -
POST /api/v1/movies/{id}/search staff -
POST /api/v1/movies/{id}/versions staff -
POST /api/v1/music/artists staff -
POST /api/v1/music/artists/{id}/discography staff -
POST /api/v1/music/artists/{id}/refresh staff -
POST /api/v1/music/scan staff -
POST /api/v1/notifications admin -
POST /api/v1/notifications/test admin -
POST /api/v1/notifications/{id}/test admin -
POST /api/v1/quality/default staff -
POST /api/v1/quality/impact staff -
POST /api/v1/quality/preview staff -
POST /api/v1/quality/profiles staff -
POST /api/v1/quality/profiles/{id}/hold-existing staff -
POST /api/v1/quality/test staff -
POST /api/v1/queue/{hash}/action staff -
POST /api/v1/queue/{hash}/block staff -
POST /api/v1/queue/{hash}/pause staff -
POST /api/v1/queue/{hash}/resume staff -
POST /api/v1/recycle/delete admin -
POST /api/v1/recycle/empty admin -
POST /api/v1/recycle/restore staff -
POST /api/v1/requests requester ext
POST /api/v1/requests/bulk staff ext
POST /api/v1/requests/import/overseerr admin ext
POST /api/v1/requests/{id}/approve staff ext
POST /api/v1/requests/{id}/decline staff ext
POST /api/v1/reviews/bulk staff -
POST /api/v1/reviews/{id}/dismiss staff -
POST /api/v1/reviews/{id}/import staff -
POST /api/v1/reviews/{id}/map staff -
POST /api/v1/reviews/{id}/reject staff -
POST /api/v1/reviews/{id}/retry staff -
POST /api/v1/series staff -
POST /api/v1/series/import staff -
POST /api/v1/series/refresh staff -
POST /api/v1/series/scan staff -
POST /api/v1/series/{id}/aliases staff -
POST /api/v1/series/{id}/autograb staff -
POST /api/v1/series/{id}/blocklist staff -
POST /api/v1/series/{id}/grab staff -
POST /api/v1/series/{id}/grabtorrent staff -
POST /api/v1/series/{id}/manualimport staff -
POST /api/v1/series/{id}/numbering/apply staff -
POST /api/v1/series/{id}/refresh staff -
POST /api/v1/series/{id}/rename staff -
POST /api/v1/series/{id}/resume-upgrades staff -
POST /api/v1/series/{id}/search staff -
POST /api/v1/series/{id}/seasons/{season}/episodes/{episode}/regrab staff -
POST /api/v1/setup/complete admin -
POST /api/v1/subtitles/jobs/clear staff -
POST /api/v1/subtitles/jobs/{id}/cancel staff -
POST /api/v1/subtitles/library/episodes/{series}/{season}/{episode} staff -
POST /api/v1/subtitles/library/movies/{id} staff -
POST /api/v1/subtitles/library/rescan staff -
POST /api/v1/subtitles/library/series/{id} staff -
POST /api/v1/subtitles/models/{name} staff -
POST /api/v1/subtitles/movies/{id}/search staff -
POST /api/v1/subtitles/series/{id}/search staff -
POST /api/v1/subtitles/sweep staff -
POST /api/v1/system/backups admin -
POST /api/v1/system/backups/upload admin -
POST /api/v1/system/backups/{name}/restore admin -
POST /api/v1/system/restart admin -
POST /api/v1/system/tasks/{name}/run admin -
POST /api/v1/users admin -
POST /api/v1/users/{id}/block-plex admin -
POST /api/v1/users/{id}/plex/merge admin -
POST /api/v1/users/{id}/sessions/revoke admin -
POST /api/v1/wanted/{kind}/{id}/search staff -
PUT /api/v1/apikeys/{id} admin -
PUT /api/v1/audioserver admin -
PUT /api/v1/audioserver/users/{id} admin -
PUT /api/v1/books/{id}/audio-versions/{vid} staff -
PUT /api/v1/books/{id}/cover staff -
PUT /api/v1/books/{id}/keep-catalogue staff -
PUT /api/v1/books/{id}/metadata staff -
PUT /api/v1/books/{id}/monitor staff -
PUT /api/v1/books/{id}/profile staff -
PUT /api/v1/convert/settings staff -
PUT /api/v1/downloadclients/{id} staff -
PUT /api/v1/downloadclients/{id}/settings staff -
PUT /api/v1/indexers/{id} staff -
PUT /api/v1/insights/plex staff -
PUT /api/v1/insights/plex/scan staff -
PUT /api/v1/me/apprise user ext
PUT /api/v1/me/audio/password user ext
PUT /api/v1/me/notify-prefs user ext
PUT /api/v1/movies/{id}/availability staff -
PUT /api/v1/movies/{id}/monitor staff -
PUT /api/v1/movies/{id}/profile staff -
PUT /api/v1/movies/{id}/versions/{vid} staff -
PUT /api/v1/music/albums/{id}/monitor staff -
PUT /api/v1/music/artists/{id}/monitor staff -
PUT /api/v1/music/artists/{id}/profile staff -
PUT /api/v1/notifications/{id} admin -
PUT /api/v1/quality/profiles/{id} staff -
PUT /api/v1/series/episodes/{eid}/monitor staff -
PUT /api/v1/series/{id}/monitor staff -
PUT /api/v1/series/{id}/profile staff -
PUT /api/v1/series/{id}/scene-map staff -
PUT /api/v1/series/{id}/seasons/{season}/monitor staff -
PUT /api/v1/series/{id}/type staff -
PUT /api/v1/settings staff -
PUT /api/v1/subtitles/settings staff -
PUT /api/v1/system/backups/settings admin -
PUT /api/v1/system/library admin -
PUT /api/v1/users/{id} admin -
